this is a sub-branch named developer

this contain the code of git_commands 

Microsoft Windows [Version 10.0.26100.3323]
(c) Microsoft Corporation. All rights reserved.

D:\ml ops\github>git --version
git version 2.44.0.windows.1

D:\ml ops\github>git init
Initialized empty Git repository in D:/ml ops/github/.git/

D:\ml ops\github>dir
 Volume in drive D is college
 Volume Serial Number is 1000-5C66

 Directory of D:\ml ops\github

15-03-2025  10:50    <DIR>          .
15-03-2025  10:47    <DIR>          ..
21-05-2024  16:00             5,339 consumption_model.py
18-05-2024  17:26             2,107 ecp_app.py
14-05-2024  12:14         4,327,228 powerconsumption.csv
15-03-2025  10:48                48 README.md
               4 File(s)      4,334,722 bytes
               2 Dir(s)  48,389,996,544 bytes free

D:\ml ops\github>git config --global user.email tharunpranav013@gmail.com

D:\ml ops\github>git config --global user.name
Tharun Pranav

D:\ml ops\github>git config --global user.name Tharun-pranav-013

D:\ml ops\github>git status
On branch master

No commits yet

Untracked files:
  (use "git add <file>..." to include in what will be committed)
        README.md
        consumption_model.py
        ecp_app.py
        powerconsumption.csv

nothing added to commit but untracked files present (use "git add" to track)

D:\ml ops\github>git add README.md

D:\ml ops\github>git add consumption_model.py

D:\ml ops\github>git add ecp_app.py

D:\ml ops\github>git add powerconsumption.csv

D:\ml ops\github>git status
On branch master

No commits yet

Changes to be committed:
  (use "git rm --cached <file>..." to unstage)
        new file:   README.md
        new file:   consumption_model.py
        new file:   ecp_app.py
        new file:   powerconsumption.csv


D:\ml ops\github>git commit -m "this is my first commit"
[master (root-commit) aff449a] this is my first commit
 4 files changed, 52599 insertions(+)
 create mode 100644 README.md
 create mode 100644 consumption_model.py
 create mode 100644 ecp_app.py
 create mode 100644 powerconsumption.csv

D:\ml ops\github>git status
On branch master
nothing to commit, working tree clean

D:\ml ops\github>git branch -M main

D:\ml ops\github>git branch
* main

D:\ml ops\github>git remote add origin https://github.com/Tharun-pranav-013/gittutorial.git

D:\ml ops\github>git remote -v
origin  https://github.com/Tharun-pranav-013/gittutorial.git (fetch)
origin  https://github.com/Tharun-pranav-013/gittutorial.git (push)

D:\ml ops\github>git push -u origin main
info: please complete authentication in your browser...

D:\ml ops\github>
D:\ml ops\github>git push -u origin main
info: please complete authentication in your browser...
fatal: A task was canceled.
Username for 'https://github.com': Tharun-pranav-013
Password for 'https://Tharun-pranav-013@github.com':
remote: Support for password authentication was removed on August 13, 2021.
remote: Please see https://docs.github.com/get-started/getting-started-with-git/about-remote-repositories#cloning-with-https-urls for information on currently recommended modes of authentication.
fatal: Authentication failed for 'https://github.com/Tharun-pranav-013/gittutorial.git/'

D:\ml ops\github>git push -u origin main
Enumerating objects: 6, done.
Counting objects: 100% (6/6), done.
Delta compression using up to 16 threads
Compressing objects: 100% (5/5), done.
Writing objects: 100% (6/6), 1.34 MiB | 230.00 KiB/s, done.
Total 6 (delta 0), reused 0 (delta 0), pack-reused 0 (from 0)
To https://github.com/Tharun-pranav-013/gittutorial.git
 * [new branch]      main -> main
branch 'main' set up to track 'origin/main'.

D:\ml ops\github>git branch developer

D:\ml ops\github>git branch
  developer
* main

D:\ml ops\github>git checkout developer
Switched to branch 'developer'

D:\ml ops\github>git status
On branch developer
Untracked files:
  (use "git add <file>..." to include in what will be committed)
        New Text Document.txt

nothing added to commit but untracked files present (use "git add" to track)

D:\ml ops\github>git add .

D:\ml ops\github>git commit -m "this commit for new branch"
[developer 0339a74] this commit for new branch
 1 file changed, 4 insertions(+)
 create mode 100644 New Text Document.txt

D:\ml ops\github>git checkout main
Switched to branch 'main'
Your branch is up to date with 'origin/main'.

D:\ml ops\github>git merge developer
Updating aff449a..0339a74
Fast-forward
 New Text Document.txt | 4 ++++
 1 file changed, 4 insertions(+)
 create mode 100644 New Text Document.txt

D:\ml ops\github>git push -u origin main
Enumerating objects: 4, done.
Counting objects: 100% (4/4), done.
Delta compression using up to 16 threads
Compressing objects: 100% (3/3), done.
Writing objects: 100% (3/3), 364 bytes | 364.00 KiB/s, done.
Total 3 (delta 1), reused 0 (delta 0), pack-reused 0 (from 0)
remote: Resolving deltas: 100% (1/1), completed with 1 local object.
To https://github.com/Tharun-pranav-013/gittutorial.git
   aff449a..0339a74  main -> main
branch 'main' set up to track 'origin/main'.

D:\ml ops\github>git branch
  developer
* main

D:\ml ops\github>git log
commit 0339a740801226c9393aad68fbfbfed2d5b7dd3e (HEAD -> main, origin/main, developer)
Author: Tharun-pranav-013 <tharunpranav013@gmail.com>
Date:   Sat Mar 15 11:13:40 2025 +0530

    this commit for new branch

commit aff449a09afd0c646aee456e58aa7f1c673e3ebf
Author: Tharun-pranav-013 <tharunpranav013@gmail.com>
Date:   Sat Mar 15 10:57:48 2025 +0530

    this is my first commit